get_sorted_initiative_rolls_from_greatest_to_least
	 unsorted_initiative_rolls_list =
 	 [['Mikey', '23'], ['Forest', '20'], ['Thalis', '16'], ['Micheal', '4'], ['Evil', '10'], ['Good', None]]
	 length_of_unsorted_initiative_rolls_list = 6

	 beginning loop
		 0
			sorted_initiative_rolls_list[ 0 ] ['Mikey', '23']
			sorted_initiative_rolls_list[ 0 ] ['Mikey', '23']
				not moving
				 sorted_initiative_rolls_list[ 0 ] =  ['Mikey', '23']
				 sorted_initiative_rolls_list[ 0 ] =  ['Mikey', '23']
				 sorted_initiative_rolls_list[ 0 ][1] =  23
				 sorted_initiative_rolls_list[ 0 ][1] =  23
				 23 < 23
				 sorted_initiative_rolls_list[i][1] < sorted_initiative_rolls_list[j][1]
				 False
			num_of_times_iterated : 0  + 1 --> 1
			j : 0 + 1 --> 1
		 1
			sorted_initiative_rolls_list[ 0 ] ['Mikey', '23']
			sorted_initiative_rolls_list[ 1 ] ['Forest', '20']
				not moving
				 sorted_initiative_rolls_list[ 0 ] =  ['Mikey', '23']
				 sorted_initiative_rolls_list[ 1 ] =  ['Forest', '20']
				 sorted_initiative_rolls_list[ 0 ][1] =  23
				 sorted_initiative_rolls_list[ 1 ][1] =  20
				 23 < 20
				 sorted_initiative_rolls_list[i][1] < sorted_initiative_rolls_list[j][1]
				 False
			num_of_times_iterated : 1  + 1 --> 2
			j : 1 + 1 --> 2
		 2
			sorted_initiative_rolls_list[ 0 ] ['Mikey', '23']
			sorted_initiative_rolls_list[ 2 ] ['Thalis', '16']
				not moving
				 sorted_initiative_rolls_list[ 0 ] =  ['Mikey', '23']
				 sorted_initiative_rolls_list[ 2 ] =  ['Thalis', '16']
				 sorted_initiative_rolls_list[ 0 ][1] =  23
				 sorted_initiative_rolls_list[ 2 ][1] =  16
				 23 < 16
				 sorted_initiative_rolls_list[i][1] < sorted_initiative_rolls_list[j][1]
				 False
			num_of_times_iterated : 2  + 1 --> 3
			j : 2 + 1 --> 3
		 3
			sorted_initiative_rolls_list[ 0 ] ['Mikey', '23']
			sorted_initiative_rolls_list[ 3 ] ['Micheal', '4']
				not moving
				 sorted_initiative_rolls_list[ 0 ] =  ['Mikey', '23']
				 sorted_initiative_rolls_list[ 3 ] =  ['Micheal', '4']
				 sorted_initiative_rolls_list[ 0 ][1] =  23
				 sorted_initiative_rolls_list[ 3 ][1] =  4
				 23 < 4
				 sorted_initiative_rolls_list[i][1] < sorted_initiative_rolls_list[j][1]
				 True
			num_of_times_iterated : 3  + 1 --> 4
			j : 3 + 1 --> 4
		 4
			sorted_initiative_rolls_list[ 0 ] ['Mikey', '23']
			sorted_initiative_rolls_list[ 4 ] ['Evil', '10']
				not moving
				 sorted_initiative_rolls_list[ 0 ] =  ['Mikey', '23']
				 sorted_initiative_rolls_list[ 4 ] =  ['Evil', '10']
				 sorted_initiative_rolls_list[ 0 ][1] =  23
				 sorted_initiative_rolls_list[ 4 ][1] =  10
				 23 < 10
				 sorted_initiative_rolls_list[i][1] < sorted_initiative_rolls_list[j][1]
				 False
			num_of_times_iterated : 4  + 1 --> 5
			j : 4 + 1 --> 5
		 5
			sorted_initiative_rolls_list[ 0 ] ['Mikey', '23']
			sorted_initiative_rolls_list[ 5 ] ['Good', None]
		 		 Popping / Removing
		 		 sorted_initiative_rolls_list[ 5 ] ['Good', None]
		 		 unsorted_initiative_rolls_list =
		 		 [['Mikey', '23'], ['Forest', '20'], ['Thalis', '16'], ['Micheal', '4'], ['Evil', '10'], ['Good', None]]
		 		 length_of_unsorted_initiative_rolls_list = 5
				 modified_list_bool = False
				 i = 0
				 j = 5
				 -->
				 modified_list_bool = True
				 i = 0
				 j = 0
				not moving
				 sorted_initiative_rolls_list[ 0 ] =  ['Mikey', '23']
				 sorted_initiative_rolls_list[ 0 ] =  ['Mikey', '23']
				 sorted_initiative_rolls_list[ 0 ][1] =  23
				 sorted_initiative_rolls_list[ 0 ][1] =  23
				 23 < 23
				 sorted_initiative_rolls_list[i][1] < sorted_initiative_rolls_list[j][1]
				 False
			num_of_times_iterated : 5  + 1 --> 6
			j : 0 + 1 --> 1
		 6
			sorted_initiative_rolls_list[ 0 ] ['Mikey', '23']
			sorted_initiative_rolls_list[ 1 ] ['Forest', '20']
				not moving
				 sorted_initiative_rolls_list[ 0 ] =  ['Mikey', '23']
				 sorted_initiative_rolls_list[ 1 ] =  ['Forest', '20']
				 sorted_initiative_rolls_list[ 0 ][1] =  23
				 sorted_initiative_rolls_list[ 1 ][1] =  20
				 23 < 20
				 sorted_initiative_rolls_list[i][1] < sorted_initiative_rolls_list[j][1]
				 False
			num_of_times_iterated : 6  + 1 --> 7
			j : 1 + 1 --> 2
		 7
			sorted_initiative_rolls_list[ 0 ] ['Mikey', '23']
			sorted_initiative_rolls_list[ 2 ] ['Thalis', '16']
				not moving
				 sorted_initiative_rolls_list[ 0 ] =  ['Mikey', '23']
				 sorted_initiative_rolls_list[ 2 ] =  ['Thalis', '16']
				 sorted_initiative_rolls_list[ 0 ][1] =  23
				 sorted_initiative_rolls_list[ 2 ][1] =  16
				 23 < 16
				 sorted_initiative_rolls_list[i][1] < sorted_initiative_rolls_list[j][1]
				 False
			num_of_times_iterated : 7  + 1 --> 8
			j : 2 + 1 --> 3
		 8
			sorted_initiative_rolls_list[ 0 ] ['Mikey', '23']
			sorted_initiative_rolls_list[ 3 ] ['Micheal', '4']
				not moving
				 sorted_initiative_rolls_list[ 0 ] =  ['Mikey', '23']
				 sorted_initiative_rolls_list[ 3 ] =  ['Micheal', '4']
				 sorted_initiative_rolls_list[ 0 ][1] =  23
				 sorted_initiative_rolls_list[ 3 ][1] =  4
				 23 < 4
				 sorted_initiative_rolls_list[i][1] < sorted_initiative_rolls_list[j][1]
				 True
			num_of_times_iterated : 8  + 1 --> 9
			j : 3 + 1 --> 4
		 9
			sorted_initiative_rolls_list[ 0 ] ['Mikey', '23']
			sorted_initiative_rolls_list[ 4 ] ['Evil', '10']
				not moving
				 sorted_initiative_rolls_list[ 0 ] =  ['Mikey', '23']
				 sorted_initiative_rolls_list[ 4 ] =  ['Evil', '10']
				 sorted_initiative_rolls_list[ 0 ][1] =  23
				 sorted_initiative_rolls_list[ 4 ][1] =  10
				 23 < 10
				 sorted_initiative_rolls_list[i][1] < sorted_initiative_rolls_list[j][1]
				 False
			num_of_times_iterated : 9  + 1 --> 10
			j : 4 + 1 --> 5
		i: 0 + 1 --> 1
		j: 5 --> 0
		 		resetting  modified_list_bool from True to False
		 10
			sorted_initiative_rolls_list[ 1 ] ['Forest', '20']
			sorted_initiative_rolls_list[ 1 ] ['Forest', '20']
				not moving
				 sorted_initiative_rolls_list[ 1 ] =  ['Forest', '20']
				 sorted_initiative_rolls_list[ 1 ] =  ['Forest', '20']
				 sorted_initiative_rolls_list[ 1 ][1] =  20
				 sorted_initiative_rolls_list[ 1 ][1] =  20
				 20 < 20
				 sorted_initiative_rolls_list[i][1] < sorted_initiative_rolls_list[j][1]
				 False
			num_of_times_iterated : 10  + 1 --> 11
			j : 1 + 1 --> 2
		 11
			sorted_initiative_rolls_list[ 1 ] ['Forest', '20']
			sorted_initiative_rolls_list[ 2 ] ['Thalis', '16']
				not moving
				 sorted_initiative_rolls_list[ 1 ] =  ['Forest', '20']
				 sorted_initiative_rolls_list[ 2 ] =  ['Thalis', '16']
				 sorted_initiative_rolls_list[ 1 ][1] =  20
				 sorted_initiative_rolls_list[ 2 ][1] =  16
				 20 < 16
				 sorted_initiative_rolls_list[i][1] < sorted_initiative_rolls_list[j][1]
				 False
			num_of_times_iterated : 11  + 1 --> 12
			j : 2 + 1 --> 3
		 12
			sorted_initiative_rolls_list[ 1 ] ['Forest', '20']
			sorted_initiative_rolls_list[ 3 ] ['Micheal', '4']
				not moving
				 sorted_initiative_rolls_list[ 1 ] =  ['Forest', '20']
				 sorted_initiative_rolls_list[ 3 ] =  ['Micheal', '4']
				 sorted_initiative_rolls_list[ 1 ][1] =  20
				 sorted_initiative_rolls_list[ 3 ][1] =  4
				 20 < 4
				 sorted_initiative_rolls_list[i][1] < sorted_initiative_rolls_list[j][1]
				 True
			num_of_times_iterated : 12  + 1 --> 13
			j : 3 + 1 --> 4
		 13
			sorted_initiative_rolls_list[ 1 ] ['Forest', '20']
			sorted_initiative_rolls_list[ 4 ] ['Evil', '10']
				not moving
				 sorted_initiative_rolls_list[ 1 ] =  ['Forest', '20']
				 sorted_initiative_rolls_list[ 4 ] =  ['Evil', '10']
				 sorted_initiative_rolls_list[ 1 ][1] =  20
				 sorted_initiative_rolls_list[ 4 ][1] =  10
				 20 < 10
				 sorted_initiative_rolls_list[i][1] < sorted_initiative_rolls_list[j][1]
				 False
			num_of_times_iterated : 13  + 1 --> 14
			j : 4 + 1 --> 5
		i: 1 + 1 --> 2
		j: 5 --> 0
		 14
			sorted_initiative_rolls_list[ 2 ] ['Thalis', '16']
			sorted_initiative_rolls_list[ 2 ] ['Thalis', '16']
				not moving
				 sorted_initiative_rolls_list[ 2 ] =  ['Thalis', '16']
				 sorted_initiative_rolls_list[ 2 ] =  ['Thalis', '16']
				 sorted_initiative_rolls_list[ 2 ][1] =  16
				 sorted_initiative_rolls_list[ 2 ][1] =  16
				 16 < 16
				 sorted_initiative_rolls_list[i][1] < sorted_initiative_rolls_list[j][1]
				 False
			num_of_times_iterated : 14  + 1 --> 15
			j : 2 + 1 --> 3
		 15
			sorted_initiative_rolls_list[ 2 ] ['Thalis', '16']
			sorted_initiative_rolls_list[ 3 ] ['Micheal', '4']
				not moving
				 sorted_initiative_rolls_list[ 2 ] =  ['Thalis', '16']
				 sorted_initiative_rolls_list[ 3 ] =  ['Micheal', '4']
				 sorted_initiative_rolls_list[ 2 ][1] =  16
				 sorted_initiative_rolls_list[ 3 ][1] =  4
				 16 < 4
				 sorted_initiative_rolls_list[i][1] < sorted_initiative_rolls_list[j][1]
				 True
			num_of_times_iterated : 15  + 1 --> 16
			j : 3 + 1 --> 4
		 16
			sorted_initiative_rolls_list[ 2 ] ['Thalis', '16']
			sorted_initiative_rolls_list[ 4 ] ['Evil', '10']
				not moving
				 sorted_initiative_rolls_list[ 2 ] =  ['Thalis', '16']
				 sorted_initiative_rolls_list[ 4 ] =  ['Evil', '10']
				 sorted_initiative_rolls_list[ 2 ][1] =  16
				 sorted_initiative_rolls_list[ 4 ][1] =  10
				 16 < 10
				 sorted_initiative_rolls_list[i][1] < sorted_initiative_rolls_list[j][1]
				 False
			num_of_times_iterated : 16  + 1 --> 17
			j : 4 + 1 --> 5
		i: 2 + 1 --> 3
		j: 5 --> 0
		 17
			sorted_initiative_rolls_list[ 3 ] ['Micheal', '4']
			sorted_initiative_rolls_list[ 3 ] ['Micheal', '4']
				not moving
				 sorted_initiative_rolls_list[ 3 ] =  ['Micheal', '4']
				 sorted_initiative_rolls_list[ 3 ] =  ['Micheal', '4']
				 sorted_initiative_rolls_list[ 3 ][1] =  4
				 sorted_initiative_rolls_list[ 3 ][1] =  4
				 4 < 4
				 sorted_initiative_rolls_list[i][1] < sorted_initiative_rolls_list[j][1]
				 False
			num_of_times_iterated : 17  + 1 --> 18
			j : 3 + 1 --> 4
		 18
			sorted_initiative_rolls_list[ 3 ] ['Micheal', '4']
			sorted_initiative_rolls_list[ 4 ] ['Evil', '10']
				 Moving
				 sorted_initiative_rolls_list[ 3 ] =  ['Micheal', '4']
				 sorted_initiative_rolls_list[ 4 ] =  ['Evil', '10']
				 sorted_initiative_rolls_list[ 3 ][1] =  4
				 sorted_initiative_rolls_list[ 4 ][1] =  10
				 4 < 10
				 sorted_initiative_rolls_list =
			 		 [['Mikey', '23'], ['Forest', '20'], ['Thalis', '16'], ['Evil', '10'], ['Micheal', '4']]
				 modified_list_bool = False
				 i = 3
				 j = 4
				 -->
				 modified_list_bool = True
				 i = 3
				 j = 4
			num_of_times_iterated : 18  + 1 --> 19
			j : 4 + 1 --> 5
		i: 3 + 1 --> 4
		j: 5 --> 0
		 		resetting  modified_list_bool from True to False
		 19
			sorted_initiative_rolls_list[ 4 ] ['Micheal', '4']
			sorted_initiative_rolls_list[ 4 ] ['Micheal', '4']
				not moving
				 sorted_initiative_rolls_list[ 4 ] =  ['Micheal', '4']
				 sorted_initiative_rolls_list[ 4 ] =  ['Micheal', '4']
				 sorted_initiative_rolls_list[ 4 ][1] =  4
				 sorted_initiative_rolls_list[ 4 ][1] =  4
				 4 < 4
				 sorted_initiative_rolls_list[i][1] < sorted_initiative_rolls_list[j][1]
				 False
			num_of_times_iterated : 19  + 1 --> 20
			j : 4 + 1 --> 5
		i: 4 + 1 --> 5
		j: 5 --> 0
		 i < length_of_unsorted_initiative_rolls_list
		 5 < 5
		 False

		 sorted them. look at it!
		 Mikey 		 23 
		 Forest 		 20 
		 Thalis 		 16 
		 Evil 		 10 
		 Micheal 		 4 
