get_sorted_initiative_rolls_from_greatest_to_least
	 unsorted_initiative_rolls_list =
 	 [['Mikey', None], ['Forest', None], ['Thalis', None], ['Micheal', None], ['Evil', None], ['Good', None]]
	 length_of_unsorted_initiative_rolls_list = 6

	 beginning loop
		 0
			sorted_initiative_rolls_list[ 0 ] ['Mikey', None]
			sorted_initiative_rolls_list[ 0 ] ['Mikey', None]
		 		 Popping / Removing
		 		 sorted_initiative_rolls_list[ 0 ] ['Mikey', None]
		 		 unsorted_initiative_rolls_list =
		 		 [['Mikey', None], ['Forest', None], ['Thalis', None], ['Micheal', None], ['Evil', None], ['Good', None]]
		 		 length_of_unsorted_initiative_rolls_list = 5
				 modified_list_bool = False
				 i = 0
				 j = 0
				 -->
				 modified_list_bool = True
				 i = 0
				 j = 0
		 		 Popping / Removing
		 		 sorted_initiative_rolls_list[ 0 ] ['Forest', None]
		 		 unsorted_initiative_rolls_list =
		 		 [['Mikey', None], ['Forest', None], ['Thalis', None], ['Micheal', None], ['Evil', None], ['Good', None]]
		 		 length_of_unsorted_initiative_rolls_list = 5
				 modified_list_bool = True
				 i = 0
				 j = 0
				 -->
				 modified_list_bool = True
				 i = 0
				 j = 0
